    Checking pdms-omni v0.1.0 (C:\PROJECTS\Rust\pdms-omni)
warning: variable does not need to be mutable
  --> src\infrastructure\mssql_repository.rs:77:13
   |
77 |         let mut q = Query::new(
   |             ----^
   |             |
   |             help: remove this `mut`
   |
   = note: `#[warn(unused_mut)]` (part of `#[warn(unused)]`) on by default

warning: variable does not need to be mutable
   --> src\infrastructure\mssql_repository.rs:120:13
    |
120 |         let mut q = Query::new("DELETE FROM data_attributes");
    |             ----^
    |             |
    |             help: remove this `mut`

warning: variable does not need to be mutable
   --> src\infrastructure\mssql_repository.rs:168:13
    |
168 |         let mut q = Query::new("SELECT dict_id, text FROM dictionary ORDER BY dict_id");
    |             ----^
    |             |
    |             help: remove this `mut`

warning: variable does not need to be mutable
   --> src\infrastructure\mssql_repository.rs:180:13
    |
180 |         let mut q = Query::new("DELETE FROM dictionary");
    |             ----^
    |             |
    |             help: remove this `mut`

warning: variable does not need to be mutable
   --> src\infrastructure\mssql_repository.rs:374:13
    |
374 |         let mut q = Query::new(
    |             ----^
    |             |
    |             help: remove this `mut`

warning: variable does not need to be mutable
   --> src\infrastructure\mssql_repository.rs:454:13
    |
454 |         let mut q = Query::new(
    |             ----^
    |             |
    |             help: remove this `mut`

warning: variable does not need to be mutable
   --> src\infrastructure\db_pool.rs:102:21
    |
102 | ...   let mut q = Query::new("SELECT id, username, full_name, email, role, active, CONVERT(NVARCHAR(30), created_at, 120) FROM user...
    |           ----^
    |           |
    |           help: remove this `mut`

warning: variable does not need to be mutable
   --> src\infrastructure\db_pool.rs:202:21
    |
202 | ...   let mut q = Query::new("SELECT ae.signal_id, s.internal_name, ae.numeric_value, ae.display_name FROM attribute_equivalences a...
    |           ----^
    |           |
    |           help: remove this `mut`

warning: variable does not need to be mutable
   --> src\infrastructure\db_pool.rs:281:21
    |
281 | ...   let mut q = Query::new("SELECT id, patient_id_str, CONVERT(NVARCHAR(30), created_at, 120) FROM patients ORDER BY created_at D...
    |           ----^
    |           |
    |           help: remove this `mut`

warning: variable does not need to be mutable
   --> src\infrastructure\database.rs:265:17
    |
265 |             let mut q = TibQuery::new(stmt);
    |                 ----^
    |                 |
    |                 help: remove this `mut`

warning: variable does not need to be mutable
   --> src\infrastructure\database.rs:274:13
    |
274 |         let mut q = TibQuery::new("SELECT COUNT(*) FROM users");
    |             ----^
    |             |
    |             help: remove this `mut`

warning: variable does not need to be mutable
   --> src\infrastructure\database.rs:289:13
    |
289 |         let mut q = TibQuery::new("SELECT COUNT(*) FROM attribute_equivalences");
    |             ----^
    |             |
    |             help: remove this `mut`

warning: `pdms-omni` (bin "pdms-omni") generated 12 warnings (run `cargo fix --bin "pdms-omni" -p pdms-omni` to apply 12 suggestions)
    Finished `dev` profile [unoptimized + debuginfo] target(s) in 3.27s
warning: the following packages contain code that will be rejected by a future version of Rust: sqlx-postgres v0.7.4
note: to see what the problems were, use the option `--future-incompat-report`, or run `cargo report future-incompatibilities --id 2`
